// Vitest Snapshot v1, https://vitest.dev/guide/snapshot.html

exports[`define 1`] = `Promise {}`;
